#-----------------------------------------------------------
# Vivado v2019.2 (64-bit)
# SW Build 2708876 on Wed Nov  6 21:40:23 MST 2019
# IP Build 2700528 on Thu Nov  7 00:09:20 MST 2019
# Start of session at: Sun Sep 13 09:54:14 2020
# Process ID: 6076
# Current directory: C:/Users/hp/Desktop/project_1
# Command line: vivado.exe -gui_launcher_event rodinguilauncherevent30232 C:\Users\hp\Desktop\project_1\project_1.xpr
# Log file: C:/Users/hp/Desktop/project_1/vivado.log
# Journal file: C:/Users/hp/Desktop/project_1\vivado.jou
#-----------------------------------------------------------
start_gui
open_project C:/Users/hp/Desktop/project_1/project_1.xpr
update_compile_order -fileset sources_1
launch_simulation
source cpu_tb.tcl
update_compile_order -fileset sources_1
close_sim
launch_simulation
source cpu_tb.tcl
close_sim
launch_simulation
source cpu_tb.tcl
current_wave_config {Untitled 3}
add_wave {{/cpu_tb/cpu/Stall}} 
restart
run 1 us
current_wave_config {Untitled 3}
add_wave {{/cpu_tb/cpu/PC}} 
restart
run 1 us
close_sim
launch_simulation
source cpu_tb.tcl
current_wave_config {Untitled 4}
add_wave {{/cpu_tb/cpu/ALUOut}} 
restart
run 1 us
current_wave_config {Untitled 4}
add_wave {{/cpu_tb/cpu/ALU_in_1}} 
current_wave_config {Untitled 4}
add_wave {{/cpu_tb/cpu/ALU_in_2}} 
restart
run 1 us
current_wave_config {Untitled 4}
add_wave {{/cpu_tb/cpu/Rs}} 
current_wave_config {Untitled 4}
add_wave {{/cpu_tb/cpu/Rt}} 
restart
run 1 us
close_sim
launch_simulation
source cpu_tb.tcl
close_sim
launch_simulation
launch_simulation
source cpu_tb.tcl
close_sim
launch_simulation
source cpu_tb.tcl
current_wave_config {Untitled 7}
add_wave {{/cpu_tb/cpu/Stall}} 
restart
run 1 us
close_sim
launch_simulation
source cpu_tb.tcl
current_wave_config {Untitled 8}
add_wave {{/cpu_tb/cpu/PC}} 
run 1 us
run 1 us
run 1 us
run 1 us
run 1 us
run 1 us
run 1 us
run 1 us
run 1 us
run 1 us
run 1 us
run 1 us
run 1 us
run 1 us
run 1 us
run 1 us
run 1 us
run 1 us
run 1 us
run 1 us
run 1 us
run 1 us
run 1 us
run 1 us
run 1 us
restart
run 1 us
run 1 us
current_wave_config {Untitled 8}
add_wave {{/cpu_tb/cpu/rf/RF_data[4]}} 
restart
run 1 us
run 1 us
run 1 us
current_wave_config {Untitled 8}
add_wave {{/cpu_tb/cpu/rf/RF_data[31]}} 
current_wave_config {Untitled 8}
add_wave {{/cpu_tb/cpu/rf/RF_data[29]}} 
current_wave_config {Untitled 8}
add_wave {{/cpu_tb/cpu/rf/RF_data[8]}} 
run 1 us
run 1 us
run 1 us
current_wave_config {Untitled 8}
add_wave {{/cpu_tb/cpu/ALUOut}} 
restart
run 1 us
run 1 us
close_sim
launch_simulation
source cpu_tb.tcl
close_sim
launch_simulation
source cpu_tb.tcl
close_sim
launch_simulation
source cpu_tb.tcl
close_sim
launch_simulation
source cpu_tb.tcl
close_sim
launch_simulation
source cpu_tb.tcl
current_wave_config {Untitled 13}
add_wave {{/cpu_tb/cpu/rf/RF_data[4]}} 
restart
run 1 us
run 1 us
run 1 us
current_wave_config {Untitled 13}
add_wave {{/cpu_tb/cpu/PC}} 
restart
run 1 us
current_wave_config {Untitled 13}
add_wave {{/cpu_tb/cpu/rf/RF_data[31]}} 
restart
run 1 us
close_sim
launch_simulation
source cpu_tb.tcl
current_wave_config {Untitled 14}
add_wave {{/cpu_tb/cpu/EX_MEM_PC_reg}} 
restart
run 1 us
current_wave_config {Untitled 14}
add_wave {{/cpu_tb/cpu/rf/RF_data[31]}} 
restart
run 1 us
current_wave_config {Untitled 14}
add_wave {{/cpu_tb/cpu/EX_MEM_Data_In}} 
restart
run 1 us
close_sim
launch_simulation
source cpu_tb.tcl
current_wave_config {Untitled 15}
add_wave {{/cpu_tb/cpu/EX_MEM_MemToReg}} 
restart
run 1 us
run 1 us
current_wave_config {Untitled 15}
add_wave {{/cpu_tb/cpu/control/MemToReg}} 
restart
run 1 us
current_wave_config {Untitled 15}
add_wave {{/cpu_tb/cpu/ID_EX_MemToReg}} 
current_wave_config {Untitled 15}
add_wave {{/cpu_tb/cpu/EX_MEM_MemToReg}} 
current_wave_config {Untitled 15}
add_wave {{/cpu_tb/cpu/MemToReg}} 
restart
run 1 us
current_wave_config {Untitled 15}
add_wave {{/cpu_tb/cpu/MemtoReg}} 
close_sim
launch_simulation
source cpu_tb.tcl
close_sim
launch_simulation
source cpu_tb.tcl
close_sim
launch_simulation
source cpu_tb.tcl
close_sim
launch_simulation
source cpu_tb.tcl
current_wave_config {Untitled 19}
add_wave {{/cpu_tb/cpu/EX_MEM_MemToReg}} 
restart
run 1 us
current_wave_config {Untitled 19}
add_wave {{/cpu_tb/cpu/MEMforward}} 
restart
run 1 us
current_wave_config {Untitled 19}
add_wave {{/cpu_tb/cpu/EX_MEM_Data_In}} 
restart
run 1 us
run 1 us
current_wave_config {Untitled 19}
add_wave {{/cpu_tb/cpu/B_forwarded}} 
restart
run 1 us
run 1 us
current_wave_config {Untitled 19}
add_wave {{/cpu_tb/cpu/EXforwardB}} 
restart
run 1 us
current_wave_config {Untitled 19}
add_wave {{/cpu_tb/cpu/EX_MEM_RegWrite}} 
restart
run 1 us
current_wave_config {Untitled 19}
add_wave {{/cpu_tb/cpu/MEM_Data_out}} 
restart
run 1 us
current_wave_config {Untitled 19}
add_wave {{/cpu_tb/cpu/rf/RF_data[31]}} 
restart
run 1 us
close_sim
launch_simulation
source cpu_tb.tcl
current_wave_config {Untitled 20}
add_wave {{/cpu_tb/cpu/MEM_WB_Rd}} 
restart
run 1 us
current_wave_config {Untitled 20}
add_wave {{/cpu_tb/cpu/rf/RF_data[31]}} 
restart
run 1 us
run 1 us
current_wave_config {Untitled 20}
add_wave {{/cpu_tb/cpu/MEM_WB_RegWrite}} 
restart
run 1 us
current_wave_config {Untitled 20}
add_wave {{/cpu_tb/cpu/jr_addr}} 
restart
run 1 us
run 1 us
current_wave_config {Untitled 20}
add_wave {{/cpu_tb/cpu/ID_Rs_Out}} 
close_sim
launch_simulation
source cpu_tb.tcl
current_wave_config {Untitled 21}
add_wave {{/cpu_tb/cpu/jr_addr}} 
restart
run 1 us
current_wave_config {Untitled 21}
add_wave {{/cpu_tb/cpu/PC_next}} 
restart
run 1 us
current_wave_config {Untitled 21}
add_wave {{/cpu_tb/cpu/rf/RF_data[31]}} 
restart
run 1 us
close_sim
launch_simulation
source cpu_tb.tcl
current_wave_config {Untitled 22}
add_wave {{/cpu_tb/cpu/PC}} 
restart
run 1 us
run 1 us
close_sim
launch_simulation
source cpu_tb.tcl
current_wave_config {Untitled 23}
add_wave {{/cpu_tb/cpu/PC}} 
restart
run 1 us
run 1 us
close_sim
launch_simulation
source cpu_tb.tcl
run 1 us
current_wave_config {Untitled 24}
add_wave {{/cpu_tb/cpu/PC}} 
close_sim
launch_simulation
source cpu_tb.tcl
current_wave_config {Untitled 25}
add_wave {{/cpu_tb/cpu/rf/RF_data[2]}} 
run 1 us
run 1 us
run 1 us
run 1 us
run 1 us
run 1 us
run 1 us
run 1 us
run 1 us
run 1 us
run 1 us
run 1 us
run 1 us
run 1 us
run 1 us
close_sim
launch_simulation
source cpu_tb.tcl
current_wave_config {Untitled 26}
add_wave {{/cpu_tb/cpu/rf/RF_data[2]}} 
run 1 us
run 1 us
run 1 us
run 1 us
run 1 us
run 1 us
run 1 us
run 1 us
run 1 us
run 1 us
run 1 us
run 1 us
run 1 us
restart
current_wave_config {Untitled 26}
add_wave {{/cpu_tb/cpu/rf/RF_data[2]}} 
run 1 us
run 1 us
run 1 us
run 1 us
run 1 us
run 1 us
run 1 us
run 1 us
restart
run 1 us
run 1 us
restart
run 1 us
run 1 us
run 1 us
run 1 us
run 1 us
run 1 us
run 1 us
run 1 us
run 1 us
run 1 us
run 1 us
run 1 us
close_sim
launch_simulation
source cpu_tb.tcl
run 1 us
run 1 us
run 1 us
run 1 us
run 1 us
run 1 us
run 1 us
run 1 us
run 1 us
run 1 us
close_sim
launch_simulation
source cpu_tb.tcl
run 1 us
run 1 us
run 1 us
run 1 us
run 1 us
run 1 us
run 1 us
run 1 us
run 1 us
run 1 us
run 1 us
close_sim
launch_simulation
source cpu_tb.tcl
run 1 us
run 1 us
run 1 us
run 1 us
run 1 us
run 1 us
run 1 us
run 1 us
run 1 us
current_wave_config {Untitled 29}
add_wave {{/cpu_tb/cpu/rf/RF_data[4]}} 
restart
run 1 us
run 1 us
run 1 us
run 1 us
run 1 us
run 1 us
run 1 us
run 1 us
run 1 us
run 1 us
run 1 us
close_sim
launch_simulation
source cpu_tb.tcl
run 1 us
run 1 us
run 1 us
run 1 us
run 1 us
run 1 us
run 1 us
run 1 us
run 1 us
current_wave_config {Untitled 30}
add_wave {{/cpu_tb/cpu/rf/RF_data[4]}} 
current_wave_config {Untitled 30}
add_wave {{/cpu_tb/cpu/rf/RF_data[2]}} 
restart
run 1 us
run 1 us
run 1 us
run 1 us
run 1 us
run 1 us
run 1 us
run 1 us
run 1 us
close_sim
launch_simulation
source cpu_tb.tcl
close_sim
launch_simulation
source cpu_tb.tcl
run 1 us
run 1 us
close_sim
launch_simulation
source cpu_tb.tcl
run 1 us
run 1 us
run 1 us
run 1 us
run 1 us
run 1 us
run 1 us
restart
run 1 us
current_wave_config {Untitled 33}
add_wave {{/cpu_tb/cpu/rf/RF_data[29]}} 
restart
run 1 us
run 1 us
run 1 us
run 1 us
run 1 us
run 1 us
run 1 us
run 1 us
run 1 us
run 1 us
run 1 us
restart
run 1 us
current_wave_config {Untitled 33}
add_wave {{/cpu_tb/cpu/data_memory/RAM_data[254]}} 
current_wave_config {Untitled 33}
add_wave {{/cpu_tb/cpu/data_memory/RAM_data[253]}} 
current_wave_config {Untitled 33}
add_wave {{/cpu_tb/cpu/data_memory/RAM_data[252]}} 
current_wave_config {Untitled 33}
add_wave {{/cpu_tb/cpu/data_memory/RAM_data[251]}} 
current_wave_config {Untitled 33}
add_wave {{/cpu_tb/cpu/data_memory/RAM_data[250]}} 
current_wave_config {Untitled 33}
add_wave {{/cpu_tb/cpu/data_memory/RAM_data[249]}} 
current_wave_config {Untitled 33}
add_wave {{/cpu_tb/cpu/data_memory/RAM_data[248]}} 
restart
run 1 us
run 1 us
run 1 us
run 1 us
run 1 us
run 1 us
run 1 us
run 1 us
run 1 us
run 1 us
restart
run 1 us
run 1 us
run 1 us
run 1 us
run 1 us
run 1 us
run 1 us
run 1 us
run 1 us
current_wave_config {Untitled 33}
add_wave {{/cpu_tb/cpu/rf/RF_data[2]}} 
restart
run 1 us
run 1 us
run 1 us
run 1 us
run 1 us
run 1 us
run 1 us
run 1 us
run 1 us
run 1 us
run 1 us
current_wave_config {Untitled 33}
add_wave {{/cpu_tb/cpu/ALU_in_1}} 
current_wave_config {Untitled 33}
add_wave {{/cpu_tb/cpu/ALU_in_2}} 
restart
run 1 us
run 1 us
run 1 us
run 1 us
run 1 us
run 1 us
run 1 us
run 1 us
run 1 us
close_sim
launch_simulation
source cpu_tb.tcl
run 1 us
run 1 us
run 1 us
run 1 us
run 1 us
run 1 us
run 1 us
run 1 us
run 1 us
run 1 us
run 1 us
current_wave_config {Untitled 34}
add_wave {{/cpu_tb/cpu/ALUOut}} 
run 1 us
run 1 us
run 1 us
run 1 us
run 1 us
run 1 us
run 1 us
run 1 us
run 1 us
run 1 us
run 1 us
restart
run 1 us
run 1 us
run 1 us
run 1 us
run 1 us
run 1 us
run 1 us
run 1 us
run 1 us
run 1 us
run 1 us
run 1 us
restart
run 1 us
run 1 us
run 1 us
run 1 us
current_wave_config {Untitled 34}
add_wave {{/cpu_tb/cpu/IF_ID_Instruction}} 
current_wave_config {Untitled 34}
add_wave {{/cpu_tb/cpu/instruction}} 
current_wave_config {Untitled 34}
add_wave {{/cpu_tb/cpu/rf/RF_data}} 
restart
run 1 us
run 1 us
run 1 us
run 1 us
run 1 us
run 10 us
close_sim
launch_simulation
source cpu_tb.tcl
current_wave_config {Untitled 35}
add_wave {{/cpu_tb/cpu/instruction}} 
current_wave_config {Untitled 35}
add_wave {{/cpu_tb/cpu/IF_ID_Instruction}} 
current_wave_config {Untitled 35}
add_wave {{/cpu_tb/cpu/rf/RF_data}} 
close_sim
launch_simulation
source cpu_tb.tcl
current_wave_config {Untitled 36}
add_wave {{/cpu_tb/cpu/instruction}} 
current_wave_config {Untitled 36}
add_wave {{/cpu_tb/cpu/IF_ID_Instruction}} 
current_wave_config {Untitled 36}
add_wave {{/cpu_tb/cpu/rf/RF_data}} 
run 10 us
run 10 us
run 10 us
run 10 us
run 10 us
restart
run 10 us
current_wave_config {Untitled 36}
add_wave {{/cpu_tb/cpu/rf/RF_data[2]}} 
restart
run 10 us
run 10 us
current_wave_config {Untitled 36}
add_wave {{/cpu_tb/cpu/MEM_Data_Read}} 
restart
run 10 us
current_wave_config {Untitled 36}
add_wave {{/cpu_tb/cpu/data_memory/Address}} 
restart
run 10 us
current_wave_config {Untitled 36}
add_wave {{/cpu_tb/cpu/data_memory/Write_data}} 
restart
run 10 us
current_wave_config {Untitled 36}
add_wave {{/cpu_tb/cpu/ALU_in_1}} 
current_wave_config {Untitled 36}
add_wave {{/cpu_tb/cpu/ALU_in_2}} 
current_wave_config {Untitled 36}
add_wave {{/cpu_tb/cpu/EX_forwardA/forward}} 
current_wave_config {Untitled 36}
add_wave {{/cpu_tb/cpu/EX_forwardB}} 
restart
run 10 us
current_wave_config {Untitled 36}
add_wave {{/cpu_tb/cpu/EX_forwardA}} 
restart
run 10 us
current_wave_config {Untitled 36}
add_wave {{/cpu_tb/cpu/idforwarda/forward}} 
current_wave_config {Untitled 36}
add_wave {{/cpu_tb/cpu/idforwardb/forward}} 
restart
run 10 us
relaunch_sim
run 10 us
current_wave_config {Untitled 36}
add_wave {{/cpu_tb/cpu/ALUOut}} 
relaunch_sim
current_wave_config {Untitled 36}
add_wave {{/cpu_tb/cpu/WBforward}} 
relaunch_sim
run 10 us
close_sim
launch_simulation
source cpu_tb.tcl
run 10 us
run 10 us
run 10 us
close_sim
